---
source: rtc_data_service/tests/server.rs
expression: body

---
b"Failed to get quote: SGX_QL_INTERFACE_UNAVAILABLE"
